[themes.pixelstrap.net/katie/template/cart.html]
[backblue.gif]
[fade.gif]
[index.html]
[themes.pixelstrap.net/katie/assets/images/favicon.png]
[themes.pixelstrap.net/katie/assets/css/vendors/fontawesome.css]
[themes.pixelstrap.net/katie/assets/css/vendors/iconsax.css]
[themes.pixelstrap.net/katie/assets/css/vendors/bootstrap.css]
[themes.pixelstrap.net/katie/assets/css/vendors/swiper-slider/swiper-bundle.min.css]
[themes.pixelstrap.net/katie/assets/css/vendors/toastify.css]
[themes.pixelstrap.net/katie/assets/css/style.css]
[themes.pixelstrap.net/katie/assets/css/landing_page.js]
[themes.pixelstrap.net/katie/assets/css/style.js]
[themes.pixelstrap.net/katie/assets/css/landing_page.css]
[themes.pixelstrap.net/katie/template/collection-left-sidebar.html]
[themes.pixelstrap.net/katie/template/index.html]
[themes.pixelstrap.net/katie/template/search.html]
[themes.pixelstrap.net/katie/template/wishlist.html]
[themes.pixelstrap.net/katie/template/dashboard.html]
[themes.pixelstrap.net/katie/assets/images/logo/logo.png]
[themes.pixelstrap.net/katie/assets/images/logo/logo-white-1.png]
[themes.pixelstrap.net/katie/template/layout-2.html]
[themes.pixelstrap.net/katie/template/layout-3.html]
[themes.pixelstrap.net/katie/template/layout-4.html]
[themes.pixelstrap.net/katie/template/collection-right-sidebar.html]
[themes.pixelstrap.net/katie/template/collection-no-sidebar.html]
[themes.pixelstrap.net/katie/template/collection-3-grid.html]
[themes.pixelstrap.net/katie/template/collection-4-grid.html]
[themes.pixelstrap.net/katie/template/collection-list-view.html]
[themes.pixelstrap.net/katie/template/collection-slider.html]
[themes.pixelstrap.net/katie/template/offcanvas-filter.html]
[themes.pixelstrap.net/katie/template/load-more.html]
[themes.pixelstrap.net/katie/template/product.html]
[themes.pixelstrap.net/katie/template/product-sticky.html]
[themes.pixelstrap.net/katie/template/product-four-image.html]
[themes.pixelstrap.net/katie/template/product-bottom.html]
[themes.pixelstrap.net/katie/template/product-video.html]
[themes.pixelstrap.net/katie/template/product-accordion.html]
[themes.pixelstrap.net/katie/template/product-sold-out.html]
[themes.pixelstrap.net/katie/template/without-thumbnail.html]
[themes.pixelstrap.net/katie/template/product-bundle.html]
[themes.pixelstrap.net/katie/template/variant-rectangle.html]
[themes.pixelstrap.net/katie/template/variant-images.html]
[themes.pixelstrap.net/katie/template/variant-color.html]
[themes.pixelstrap.net/katie/template/variant-radio.html]
[themes.pixelstrap.net/katie/template/variant-dropdown.html]
[themes.pixelstrap.net/katie/template/inner-zoom.html]
[themes.pixelstrap.net/katie/assets/images/mega-menu/banner.png]
[themes.pixelstrap.net/katie/assets/images/mega-menu/5.jpg]
[themes.pixelstrap.net/katie/assets/images/mega-menu/6.jpg]
[themes.pixelstrap.net/katie/assets/images/mega-menu/1.png]
[themes.pixelstrap.net/katie/template/faq.html]
[themes.pixelstrap.net/katie/template/order-success.html]
[themes.pixelstrap.net/katie/template/order-tracking.html]
[themes.pixelstrap.net/katie/template/maintenance.html]
[themes.pixelstrap.net/katie/template/check-out.html]
[themes.pixelstrap.net/katie/template/compare.html]
[themes.pixelstrap.net/katie/template/about-us.html]
[themes.pixelstrap.net/katie/template/look-book.html]
[themes.pixelstrap.net/katie/template/404.html]
[themes.pixelstrap.net/katie/template/login.html]
[themes.pixelstrap.net/katie/template/forget-password.html]
[themes.pixelstrap.net/katie/template/otp.html]
[themes.pixelstrap.net/katie/template/sign-up.html]
[themes.pixelstrap.net/katie/template/blog-left-sidebar.html]
[themes.pixelstrap.net/katie/template/blog-right-sidebar.html]
[themes.pixelstrap.net/katie/template/blog-list.html]
[themes.pixelstrap.net/katie/template/blog-details.html]
[themes.pixelstrap.net/katie/template/blog-no-sidebar.html]
[themes.pixelstrap.net/katie/template/contact.html]
[themes.pixelstrap.net/katie/assets/images/gif/fire-2.gif]
[themes.pixelstrap.net/katie/assets/images/cart/category/1.jpg]
[themes.pixelstrap.net/katie/assets/images/cart/category/2.jpg]
[themes.pixelstrap.net/katie/assets/images/cart/category/3.jpg]
[themes.pixelstrap.net/katie/assets/images/cart/1.gif]
[themes.pixelstrap.net/katie/assets/images/gif/discount.gif]
[themes.pixelstrap.net/katie/assets/images/user/4.jpg]
[themes.pixelstrap.net/katie/assets/images/user/5.jpg]
[themes.pixelstrap.net/katie/assets/images/user/6.jpg]
[themes.pixelstrap.net/katie/assets/images/user/7.jpg]
[themes.pixelstrap.net/katie/assets/images/footer/discover.png]
[themes.pixelstrap.net/katie/assets/images/footer/american.png]
[themes.pixelstrap.net/katie/assets/images/footer/master.png]
[themes.pixelstrap.net/katie/assets/images/footer/giro.png]
[themes.pixelstrap.net/katie/assets/images/modal/0.jpg]
[themes.pixelstrap.net/katie/assets/images/payment_cart.png]
[themes.pixelstrap.net/katie/assets/images/modal/1.jpg]
[themes.pixelstrap.net/katie/assets/images/modal/2.jpg]
[themes.pixelstrap.net/katie/assets/images/modal/3.jpg]
[themes.pixelstrap.net/katie/assets/images/modal/4.jpg]
[themes.pixelstrap.net/katie/assets/images/modal/5.jpg]
[themes.pixelstrap.net/katie/assets/images/modal/6.jpg]
[themes.pixelstrap.net/katie/assets/images/cart/1.jpg]
[themes.pixelstrap.net/katie/assets/images/cart/2.jpg]
[themes.pixelstrap.net/katie/assets/images/cart/3.jpg]
[themes.pixelstrap.net/katie/assets/images/cart/4.jpg]
[themes.pixelstrap.net/katie/assets/images/product/product-2/blazers/1.jpg]
[themes.pixelstrap.net/katie/assets/images/product/product-2/blazers/2.jpg]
[themes.pixelstrap.net/katie/assets/images/product/product-2/blazers/3.jpg]
[themes.pixelstrap.net/katie/assets/images/product/product-2/blazers/4.jpg]
[themes.pixelstrap.net/katie/assets/images/product/product-2/blazers/5.jpg]
[themes.pixelstrap.net/katie/assets/images/product/product-2/blazers/6.jpg]
[themes.pixelstrap.net/katie/assets/images/other-img/cookie.png]
[themes.pixelstrap.net/katie/assets/js/bootstrap/bootstrap.bundle.min.js]
[themes.pixelstrap.net/katie/assets/js/iconsax.js]
[themes.pixelstrap.net/katie/assets/js/stats.min.js]
[themes.pixelstrap.net/katie/assets/js/cursor.js]
[themes.pixelstrap.net/katie/assets/js/swiper-slider/swiper-bundle.min.js]
[themes.pixelstrap.net/katie/assets/js/swiper-slider/swiper-custom.js]
[themes.pixelstrap.net/katie/assets/js/cart-timer.js]
[themes.pixelstrap.net/katie/assets/js/cart.js]
[themes.pixelstrap.net/katie/assets/js/touchspin.js]
[themes.pixelstrap.net/katie/assets/js/cookie.js]
[themes.pixelstrap.net/katie/assets/js/toastify.js]
[themes.pixelstrap.net/katie/assets/js/theme-setting.js]
[themes.pixelstrap.net/katie/assets/js/script.js]
[themes.pixelstrap.net/katie/template/cart.html]
[themes.pixelstrap.net/katie/assets/css/vendors/fontawesome.css]
[themes.pixelstrap.net/katie/assets/css/vendors/iconsax.css]
[themes.pixelstrap.net/katie/assets/css/vendors/bootstrap.css]
[themes.pixelstrap.net/katie/assets/css/vendors/swiper-slider/swiper-bundle.min.css]
[themes.pixelstrap.net/katie/assets/css/vendors/toastify.css]
[themes.pixelstrap.net/katie/assets/css/a9d2afd6536277df7a13.jpg]
[themes.pixelstrap.net/katie/assets/css/fcad606b8adc06970e10.jpg]
[themes.pixelstrap.net/katie/assets/css/ede2f274c918ca503cdd.jpg]
[themes.pixelstrap.net/katie/assets/css/684aa79a241a1bf856f5.jpg]
[themes.pixelstrap.net/katie/assets/css/5c1bd7b1190a5473e135.jpg]
[themes.pixelstrap.net/katie/assets/css/fc4584f9f8a0cf77ff69.jpg]
[themes.pixelstrap.net/katie/assets/css/550fb8f39c51facaf70a.png]
[themes.pixelstrap.net/katie/assets/css/b31d75142d0634cb0be9.png]
[themes.pixelstrap.net/katie/assets/css/298dbd9718bcf4a0458c.png]
[themes.pixelstrap.net/katie/assets/css/7a46fc51a782ffe3ef15.png]
[themes.pixelstrap.net/katie/assets/css/9de62e40d5072bb6301f.png]
[themes.pixelstrap.net/katie/assets/css/e8516a32684f045b8869.png]
[themes.pixelstrap.net/katie/assets/css/60e8c66cab4a78b1aa27.png]
[themes.pixelstrap.net/katie/assets/css/5465225dbe66e6630596.png]
[themes.pixelstrap.net/katie/assets/css/ca8654d00a014fd7330d.png]
[themes.pixelstrap.net/katie/assets/css/d6406e892a85c43f3759.png]
[themes.pixelstrap.net/katie/assets/css/style.css]
[themes.pixelstrap.net/katie/assets/css/70232f18fd21fe9d6c10.png]
[themes.pixelstrap.net/katie/assets/css/f248403bacd4b6a15e08.png]
[themes.pixelstrap.net/katie/assets/css/landing_page.css]
[themes.pixelstrap.net/katie/assets/css/55f3315c21c95e285169.png]
[themes.pixelstrap.net/katie/assets/images/product/product-3/1.jpg]
[themes.pixelstrap.net/katie/assets/images/product/product-3/20.jpg]
[themes.pixelstrap.net/katie/assets/images/product/product-3/2.jpg]
[themes.pixelstrap.net/katie/assets/images/product/product-3/19.jpg]
[themes.pixelstrap.net/katie/assets/images/product/product-3/3.jpg]
[themes.pixelstrap.net/katie/assets/images/product/product-3/18.jpg]
[themes.pixelstrap.net/katie/assets/images/product/product-3/4.jpg]
[themes.pixelstrap.net/katie/assets/images/product/product-3/17.jpg]
[themes.pixelstrap.net/katie/assets/images/product/product-3/9.jpg]
[themes.pixelstrap.net/katie/assets/images/product/product-3/16.jpg]
[themes.pixelstrap.net/katie/assets/images/product/product-3/10.jpg]
[themes.pixelstrap.net/katie/assets/images/product/product-3/15.jpg]
[themes.pixelstrap.net/katie/assets/images/product/product-3/11.jpg]
[themes.pixelstrap.net/katie/assets/images/product/product-3/14.jpg]
[themes.pixelstrap.net/katie/assets/images/product/product-3/12.jpg]
[themes.pixelstrap.net/katie/assets/images/product/product-3/13.jpg]
[themes.pixelstrap.net/katie/assets/images/pro/1.jpg]
[themes.pixelstrap.net/katie/assets/images/pro/2.jpg]
[themes.pixelstrap.net/katie/assets/images/pro/3.jpg]
[themes.pixelstrap.net/katie/assets/images/pro/4.jpg]
[themes.pixelstrap.net/katie/assets/images/pro/5.jpg]
[themes.pixelstrap.net/katie/assets/images/pro/6.jpg]
[themes.pixelstrap.net/katie/assets/images/pro/7.jpg]
[themes.pixelstrap.net/katie/assets/images/pro/8.jpg]
[themes.pixelstrap.net/katie/assets/js/grid-option.js]
[themes.pixelstrap.net/katie/assets/js/countdown.js]
[themes.pixelstrap.net/katie/assets/js/filter-range-slider.js]
[themes.pixelstrap.net/katie/assets/js/collection-box.js]
[themes.pixelstrap.net/katie/template/collection-left-sidebar.html]
[themes.pixelstrap.net/katie/assets/images/layout-3/1.jpg]
[themes.pixelstrap.net/katie/assets/images/banner/banner-7.jpg]
[themes.pixelstrap.net/katie/assets/images/banner/banner-8.jpg]
[themes.pixelstrap.net/katie/assets/images/product/product-3/5.jpg]
[themes.pixelstrap.net/katie/assets/images/product/product-3/6.jpg]
[themes.pixelstrap.net/katie/assets/images/product/product-3/8.jpg]
[themes.pixelstrap.net/katie/assets/images/banner/banner-9.jpg]
[themes.pixelstrap.net/katie/assets/images/banner/2.png]
[themes.pixelstrap.net/katie/assets/images/product/product-3/21.jpg]
[themes.pixelstrap.net/katie/assets/images/banner/banner-4.png]
[themes.pixelstrap.net/katie/assets/images/banner/banner-5.jpg]
[themes.pixelstrap.net/katie/assets/images/banner/6.jpg]
[themes.pixelstrap.net/katie/assets/images/banner/7.jpg]
[themes.pixelstrap.net/katie/assets/images/banner/banner-10.jpg]
[themes.pixelstrap.net/katie/assets/images/banner/8.jpg]
[themes.pixelstrap.net/katie/assets/images/banner/9.jpg]
[themes.pixelstrap.net/katie/assets/images/logos/1.png]
[themes.pixelstrap.net/katie/assets/images/logos/2.png]
[themes.pixelstrap.net/katie/assets/images/logos/3.png]
[themes.pixelstrap.net/katie/assets/images/logos/4.png]
[themes.pixelstrap.net/katie/assets/images/logos/5.png]
[themes.pixelstrap.net/katie/assets/images/logos/6.png]
[themes.pixelstrap.net/katie/assets/images/logos/7.png]
[themes.pixelstrap.net/katie/assets/images/banner/banner-6.png]
[themes.pixelstrap.net/katie/assets/images/instagram/6.jpg]
[themes.pixelstrap.net/katie/assets/images/instagram/7.jpg]
[themes.pixelstrap.net/katie/assets/images/instagram/8.jpg]
[themes.pixelstrap.net/katie/assets/images/instagram/9.jpg]
[themes.pixelstrap.net/katie/assets/images/instagram/10.jpg]
[themes.pixelstrap.net/katie/assets/images/other-img/text.png]
[themes.pixelstrap.net/katie/assets/images/other-img/news-latter.png]
[themes.pixelstrap.net/katie/assets/js/newsletter.js]
[themes.pixelstrap.net/katie/assets/js/skeleton-loader.js]
[themes.pixelstrap.net/katie/template/index.html]
[themes.pixelstrap.net/katie/template/search.html]
[themes.pixelstrap.net/katie/template/wishlist.html]
[themes.pixelstrap.net/katie/assets/images/user/12.jpg]
[themes.pixelstrap.net/katie/assets/images/other-img/dashboard.png]
[themes.pixelstrap.net/katie/assets/images/notification/1.jpg]
[themes.pixelstrap.net/katie/assets/images/notification/2.jpg]
[themes.pixelstrap.net/katie/assets/images/notification/3.jpg]
[themes.pixelstrap.net/katie/assets/images/notification/4.jpg]
[themes.pixelstrap.net/katie/assets/images/notification/5.jpg]
[themes.pixelstrap.net/katie/assets/images/notification/6.jpg]
[themes.pixelstrap.net/katie/assets/images/notification/7.jpg]
[themes.pixelstrap.net/katie/assets/images/notification/8.jpg]
[themes.pixelstrap.net/katie/assets/images/notification/9.jpg]
[themes.pixelstrap.net/katie/assets/images/notification/10.jpg]
[themes.pixelstrap.net/katie/assets/images/notification/11.jpg]
[themes.pixelstrap.net/katie/assets/images/notification/12.jpg]
[themes.pixelstrap.net/katie/assets/images/bank-card/bank1.png]
[themes.pixelstrap.net/katie/assets/images/bank-card/1.png]
[themes.pixelstrap.net/katie/assets/images/bank-card/bank2.png]
[themes.pixelstrap.net/katie/assets/images/bank-card/2.png]
[themes.pixelstrap.net/katie/assets/images/bank-card/bank3.png]
[themes.pixelstrap.net/katie/assets/images/bank-card/3.png]
[themes.pixelstrap.net/katie/assets/images/gif/question.gif]
[themes.pixelstrap.net/katie/assets/js/dashboard-left-sidebar.js]
[themes.pixelstrap.net/katie/template/dashboard.html]
[themes.pixelstrap.net/katie/assets/images/logo/logo-2.png]
[themes.pixelstrap.net/katie/assets/images/logo/logo-white-2.png]
[themes.pixelstrap.net/katie/assets/images/layout-2/1.jpg]
[themes.pixelstrap.net/katie/assets/images/layout-2/2.jpg]
[themes.pixelstrap.net/katie/assets/images/top-categories/1.jpg]
[themes.pixelstrap.net/katie/assets/images/top-categories/2.jpg]
[themes.pixelstrap.net/katie/assets/images/top-categories/3.jpg]
[themes.pixelstrap.net/katie/assets/images/product/product-2/1.jpg]
[themes.pixelstrap.net/katie/assets/images/product/product-2/2.jpg]
[themes.pixelstrap.net/katie/assets/images/product/product-2/3.jpg]
[themes.pixelstrap.net/katie/assets/images/product/product-2/4.jpg]
[themes.pixelstrap.net/katie/assets/images/product/product-2/5.jpg]
[themes.pixelstrap.net/katie/assets/images/product/product-2/6.jpg]
[themes.pixelstrap.net/katie/assets/images/product/product-2/7.jpg]
[themes.pixelstrap.net/katie/assets/images/product/product-2/8.jpg]
[themes.pixelstrap.net/katie/assets/images/product/product-2/trousers/1.jpg]
[themes.pixelstrap.net/katie/assets/images/product/product-2/trousers/2.jpg]
[themes.pixelstrap.net/katie/assets/images/product/product-2/trousers/3.jpg]
[themes.pixelstrap.net/katie/assets/images/product/product-2/trousers/4.jpg]
[themes.pixelstrap.net/katie/assets/images/product/product-2/trousers/5.jpg]
[themes.pixelstrap.net/katie/assets/images/product/product-2/trousers/6.jpg]
[themes.pixelstrap.net/katie/assets/images/product/product-2/trousers/7.jpg]
[themes.pixelstrap.net/katie/assets/images/product/product-2/trousers/8.jpg]
[themes.pixelstrap.net/katie/assets/images/product/product-2/blazers/7.jpg]
[themes.pixelstrap.net/katie/assets/images/product/product-2/blazers/8.jpg]
[themes.pixelstrap.net/katie/assets/images/product/product-2/jackets/1.jpg]
[themes.pixelstrap.net/katie/assets/images/product/product-2/jackets/2.jpg]
[themes.pixelstrap.net/katie/assets/images/product/product-2/jackets/3.jpg]
[themes.pixelstrap.net/katie/assets/images/product/product-2/jackets/4.jpg]
[themes.pixelstrap.net/katie/assets/images/product/product-2/jackets/5.jpg]
[themes.pixelstrap.net/katie/assets/images/product/product-2/jackets/6.jpg]
[themes.pixelstrap.net/katie/assets/images/product/product-2/jackets/7.jpg]
[themes.pixelstrap.net/katie/assets/images/product/product-2/jackets/8.jpg]
[themes.pixelstrap.net/katie/assets/images/product/product-2/shoes/1.jpg]
[themes.pixelstrap.net/katie/assets/images/product/product-2/shoes/2.jpg]
[themes.pixelstrap.net/katie/assets/images/product/product-2/shoes/3.jpg]
[themes.pixelstrap.net/katie/assets/images/product/product-2/shoes/4.jpg]
[themes.pixelstrap.net/katie/assets/images/product/product-2/shoes/5.jpg]
[themes.pixelstrap.net/katie/assets/images/product/product-2/shoes/6.jpg]
[themes.pixelstrap.net/katie/assets/images/product/product-2/shoes/7.jpg]
[themes.pixelstrap.net/katie/assets/images/product/product-2/shoes/8.jpg]
[themes.pixelstrap.net/katie/assets/images/product/product-2/accessories/1.jpg]
[themes.pixelstrap.net/katie/assets/images/product/product-2/accessories/2.jpg]
[themes.pixelstrap.net/katie/assets/images/product/product-2/accessories/3.jpg]
[themes.pixelstrap.net/katie/assets/images/product/product-2/accessories/4.jpg]
[themes.pixelstrap.net/katie/assets/images/product/product-2/accessories/5.jpg]
[themes.pixelstrap.net/katie/assets/images/product/product-2/accessories/6.jpg]
[themes.pixelstrap.net/katie/assets/images/product/product-2/accessories/7.jpg]
[themes.pixelstrap.net/katie/assets/images/product/product-2/accessories/8.jpg]
[themes.pixelstrap.net/katie/assets/images/sale/1.jpg]
[themes.pixelstrap.net/katie/assets/images/sale/Star.png]
[themes.pixelstrap.net/katie/assets/images/sale/2.jpg]
[themes.pixelstrap.net/katie/assets/images/banner/banner-3.jpg]
[themes.pixelstrap.net/katie/assets/images/banner/1.png]
[themes.pixelstrap.net/katie/assets/images/instagram/11.jpg]
[themes.pixelstrap.net/katie/assets/images/instagram/12.jpg]
[themes.pixelstrap.net/katie/assets/images/instagram/16.jpg]
[themes.pixelstrap.net/katie/assets/images/instagram/13.jpg]
[themes.pixelstrap.net/katie/assets/images/instagram/14.jpg]
[themes.pixelstrap.net/katie/assets/images/instagram/15.jpg]
[themes.pixelstrap.net/katie/assets/images/blog/layout-2/1.jpg]
[themes.pixelstrap.net/katie/assets/images/blog/layout-2/2.jpg]
[themes.pixelstrap.net/katie/assets/images/blog/layout-2/3.jpg]
[themes.pixelstrap.net/katie/assets/images/blog/layout-2/4.jpg]
[themes.pixelstrap.net/katie/assets/images/fashion/1.jpg]
[themes.pixelstrap.net/katie/assets/images/fashion/2.jpg]
[themes.pixelstrap.net/katie/template/layout-2.html]
[themes.pixelstrap.net/katie/assets/images/other-img/news-latter2.png]
[themes.pixelstrap.net/katie/assets/images/logo/logo-3.png]
[themes.pixelstrap.net/katie/assets/images/logo/logo-white-3.png]
[themes.pixelstrap.net/katie/assets/images/layout-1/1.jpg]
[themes.pixelstrap.net/katie/assets/images/layout-1/2.jpg]
[themes.pixelstrap.net/katie/assets/images/banner/3.jpg]
[themes.pixelstrap.net/katie/assets/images/banner/4.jpg]
[themes.pixelstrap.net/katie/assets/images/banner/5.jpg]
[themes.pixelstrap.net/katie/assets/images/banner/banner-1.jpg]
[themes.pixelstrap.net/katie/assets/images/product/1.png]
[themes.pixelstrap.net/katie/assets/images/product/product-1/1.jpg]
[themes.pixelstrap.net/katie/assets/images/product/2.png]
[themes.pixelstrap.net/katie/assets/images/product/product-1/2.jpg]
[themes.pixelstrap.net/katie/assets/images/product/product-1/3.jpg]
[themes.pixelstrap.net/katie/assets/images/product/product-1/4.jpg]
[themes.pixelstrap.net/katie/assets/images/product/product-1/5.jpg]
[themes.pixelstrap.net/katie/assets/images/product/product-1/6.jpg]
[themes.pixelstrap.net/katie/assets/images/product/product-1/11.jpg]
[themes.pixelstrap.net/katie/assets/images/product/product-1/12.jpg]
[themes.pixelstrap.net/katie/assets/images/product/product-1/13.jpg]
[themes.pixelstrap.net/katie/assets/images/product/product-1/14.jpg]
[themes.pixelstrap.net/katie/assets/images/product/product-1/15.jpg]
[themes.pixelstrap.net/katie/assets/images/product/product-1/16.jpg]
[themes.pixelstrap.net/katie/assets/images/product/product-1/17.jpg]
[themes.pixelstrap.net/katie/assets/images/product/product-1/18.jpg]
[themes.pixelstrap.net/katie/assets/images/product/product-1/19.jpg]
[themes.pixelstrap.net/katie/assets/images/product/product-1/20.jpg]
[themes.pixelstrap.net/katie/assets/images/product/product-1/21.jpg]
[themes.pixelstrap.net/katie/assets/images/product/product-1/22.jpg]
[themes.pixelstrap.net/katie/assets/images/banner/1.jpg]
[themes.pixelstrap.net/katie/assets/images/banner/2.jpg]
[themes.pixelstrap.net/katie/assets/images/banner/banner-2.jpg]
[themes.pixelstrap.net/katie/assets/images/product/product-1/7.jpg]
[themes.pixelstrap.net/katie/assets/images/product/product-1/8.jpg]
[themes.pixelstrap.net/katie/assets/images/product/product-1/9.jpg]
[themes.pixelstrap.net/katie/assets/images/product/product-1/10.jpg]
[themes.pixelstrap.net/katie/assets/images/blog/1.jpg]
[themes.pixelstrap.net/katie/assets/images/blog/2.jpg]
[themes.pixelstrap.net/katie/assets/images/blog/3.jpg]
[themes.pixelstrap.net/katie/assets/images/blog/4.jpg]
[themes.pixelstrap.net/katie/assets/images/instagram/1.jpg]
[themes.pixelstrap.net/katie/assets/images/instagram/2.jpg]
[themes.pixelstrap.net/katie/assets/images/instagram/3.jpg]
[themes.pixelstrap.net/katie/assets/images/instagram/4.jpg]
[themes.pixelstrap.net/katie/assets/images/other-img/news-latter3.png]
[themes.pixelstrap.net/katie/template/layout-3.html]
[themes.pixelstrap.net/katie/assets/images/logo/logo-4.png]
[themes.pixelstrap.net/katie/assets/images/logo/logo-white-4.png]
[themes.pixelstrap.net/katie/assets/images/layout-4/s-1.png]
[themes.pixelstrap.net/katie/assets/images/layout-4/s-2.png]
[themes.pixelstrap.net/katie/assets/images/layout-4/p-1.jpg]
[themes.pixelstrap.net/katie/assets/images/layout-4/p-2.png]
[themes.pixelstrap.net/katie/assets/images/layout-4/1.png]
[themes.pixelstrap.net/katie/assets/images/fashion/category/1.png]
[themes.pixelstrap.net/katie/assets/images/fashion/category/2.png]
[themes.pixelstrap.net/katie/assets/images/fashion/category/3.png]
[themes.pixelstrap.net/katie/assets/images/fashion/category/4.png]
[themes.pixelstrap.net/katie/assets/images/fashion/category/5.png]
[themes.pixelstrap.net/katie/assets/images/fashion/category/6.png]
[themes.pixelstrap.net/katie/assets/images/fashion/category/7.png]
[themes.pixelstrap.net/katie/assets/images/product/3.png]
[themes.pixelstrap.net/katie/assets/images/product/product-4/1.jpg]
[themes.pixelstrap.net/katie/assets/images/product/product-4/2.jpg]
[themes.pixelstrap.net/katie/assets/images/product/product-4/3.jpg]
[themes.pixelstrap.net/katie/assets/images/product/product-4/4.jpg]
[themes.pixelstrap.net/katie/assets/images/product/product-4/5.jpg]
[themes.pixelstrap.net/katie/assets/images/product/product-4/6.jpg]
[themes.pixelstrap.net/katie/assets/images/product/product-4/7.jpg]
[themes.pixelstrap.net/katie/assets/images/product/product-4/8.jpg]
[themes.pixelstrap.net/katie/assets/images/product/product-4/11.jpg]
[themes.pixelstrap.net/katie/assets/images/product/product-4/12.jpg]
[themes.pixelstrap.net/katie/assets/images/product/product-4/13.jpg]
[themes.pixelstrap.net/katie/assets/images/product/product-4/14.jpg]
[themes.pixelstrap.net/katie/assets/images/product/product-4/15.jpg]
[themes.pixelstrap.net/katie/assets/images/product/product-4/16.jpg]
[themes.pixelstrap.net/katie/assets/images/product/product-4/17.jpg]
[themes.pixelstrap.net/katie/assets/images/product/product-4/18.jpg]
[themes.pixelstrap.net/katie/assets/images/product/product-4/19.jpg]
[themes.pixelstrap.net/katie/assets/images/product/product-4/20.jpg]
[themes.pixelstrap.net/katie/assets/images/product/product-4/21.jpg]
[themes.pixelstrap.net/katie/assets/images/layout-4/main-category/1.png]
[themes.pixelstrap.net/katie/assets/images/layout-4/main-category/2.jpg]
[themes.pixelstrap.net/katie/assets/images/product/product-4/9.jpg]
[themes.pixelstrap.net/katie/assets/images/product/product-4/10.jpg]
[themes.pixelstrap.net/katie/assets/images/blog/layout-4/1.jpg]
[themes.pixelstrap.net/katie/assets/images/blog/layout-4/2.jpg]
[themes.pixelstrap.net/katie/assets/images/blog/layout-4/3.jpg]
[themes.pixelstrap.net/katie/assets/images/blog/layout-4/4.jpg]
[themes.pixelstrap.net/katie/assets/images/instagram/17.jpg]
[themes.pixelstrap.net/katie/assets/images/instagram/18.jpg]
[themes.pixelstrap.net/katie/assets/images/instagram/19.jpg]
[themes.pixelstrap.net/katie/assets/images/instagram/20.jpg]
[themes.pixelstrap.net/katie/assets/images/other-img/news-latter4.png]
[themes.pixelstrap.net/katie/template/layout-4.html]
[themes.pixelstrap.net/katie/template/collection-right-sidebar.html]
[themes.pixelstrap.net/katie/assets/images/banner/banner-12.jpg]
[themes.pixelstrap.net/katie/template/collection-no-sidebar.html]
[themes.pixelstrap.net/katie/template/collection-3-grid.html]
[themes.pixelstrap.net/katie/template/collection-4-grid.html]
[themes.pixelstrap.net/katie/template/collection-list-view.html]
[themes.pixelstrap.net/katie/assets/images/collection/slider/1.png]
[themes.pixelstrap.net/katie/assets/images/collection/slider/2.png]
[themes.pixelstrap.net/katie/assets/images/collection/slider/3.png]
[themes.pixelstrap.net/katie/assets/images/collection/slider/4.png]
[themes.pixelstrap.net/katie/assets/images/collection/slider/5.png]
[themes.pixelstrap.net/katie/assets/images/collection/slider/6.png]
[themes.pixelstrap.net/katie/assets/images/collection/slider/7.png]
[themes.pixelstrap.net/katie/assets/images/collection/slider/8.png]
[themes.pixelstrap.net/katie/assets/images/collection/slider/9.png]
[themes.pixelstrap.net/katie/assets/images/collection/slider/10.png]
[themes.pixelstrap.net/katie/template/collection-slider.html]
[themes.pixelstrap.net/katie/template/offcanvas-filter.html]
[themes.pixelstrap.net/katie/assets/js/load-more.js]
[themes.pixelstrap.net/katie/template/load-more.html]
[themes.pixelstrap.net/katie/assets/images/product/slider/1.jpg]
[themes.pixelstrap.net/katie/assets/images/product/slider/2.jpg]
[themes.pixelstrap.net/katie/assets/images/product/slider/3.jpg]
[themes.pixelstrap.net/katie/assets/images/product/slider/4.jpg]
[themes.pixelstrap.net/katie/assets/images/product/slider/5.jpg]
[themes.pixelstrap.net/katie/assets/images/product/slider/6.jpg]
[themes.pixelstrap.net/katie/assets/images/product/slider/7.jpg]
[themes.pixelstrap.net/katie/assets/images/gif/fire.gif]
[themes.pixelstrap.net/katie/assets/images/gif/timer.gif]
[themes.pixelstrap.net/katie/assets/images/other-img/secure_payments.png]
[themes.pixelstrap.net/katie/assets/images/user/1.jpg]
[themes.pixelstrap.net/katie/assets/images/user/2.jpg]
[themes.pixelstrap.net/katie/assets/images/user/3.jpg]
[themes.pixelstrap.net/katie/assets/images/product/product-3/22.jpg]
[themes.pixelstrap.net/katie/assets/images/size-chart/size-chart.jpg]
[themes.pixelstrap.net/katie/template/product.html]
[themes.pixelstrap.net/katie/template/product-sticky.html]
[themes.pixelstrap.net/katie/template/product-four-image.html]
[themes.pixelstrap.net/katie/template/product-bottom.html]
[themes.pixelstrap.net/katie/template/product-video.html]
[themes.pixelstrap.net/katie/assets/images/other-img/description-banner.jpg]
[themes.pixelstrap.net/katie/template/product-accordion.html]
[themes.pixelstrap.net/katie/template/product-sold-out.html]
[themes.pixelstrap.net/katie/template/without-thumbnail.html]
[themes.pixelstrap.net/katie/assets/images/other-img/2.jpg]
[themes.pixelstrap.net/katie/assets/images/other-img/3.jpg]
[themes.pixelstrap.net/katie/assets/images/other-img/4.jpg]
[themes.pixelstrap.net/katie/template/product-bundle.html]
[themes.pixelstrap.net/katie/template/variant-rectangle.html]
[themes.pixelstrap.net/katie/assets/images/fashion/product/3.jpg]
[themes.pixelstrap.net/katie/assets/images/fashion/product/4.jpg]
[themes.pixelstrap.net/katie/assets/images/fashion/product/5.jpg]
[themes.pixelstrap.net/katie/assets/images/fashion/product/6.jpg]
[themes.pixelstrap.net/katie/assets/images/fashion/product/7.jpg]
[themes.pixelstrap.net/katie/assets/images/fashion/product/8.jpg]
[themes.pixelstrap.net/katie/template/variant-images.html]
[themes.pixelstrap.net/katie/template/variant-color.html]
[themes.pixelstrap.net/katie/assets/images/fashion/product/10.jpg]
[themes.pixelstrap.net/katie/assets/images/fashion/product/11.jpg]
[themes.pixelstrap.net/katie/assets/images/fashion/product/12.jpg]
[themes.pixelstrap.net/katie/assets/images/fashion/product/13.jpg]
[themes.pixelstrap.net/katie/assets/images/fashion/product/14.jpg]
[themes.pixelstrap.net/katie/assets/images/fashion/product/15.jpg]
[themes.pixelstrap.net/katie/assets/images/fashion/product/16.jpg]
[themes.pixelstrap.net/katie/template/variant-radio.html]
[themes.pixelstrap.net/katie/assets/images/fashion/product/17.jpg]
[themes.pixelstrap.net/katie/assets/images/fashion/product/18.jpg]
[themes.pixelstrap.net/katie/assets/images/fashion/product/19.jpg]
[themes.pixelstrap.net/katie/assets/images/fashion/product/20.jpg]
[themes.pixelstrap.net/katie/assets/images/fashion/product/21.jpg]
[themes.pixelstrap.net/katie/assets/images/fashion/product/22.jpg]
[themes.pixelstrap.net/katie/assets/images/fashion/product/23.jpg]
[themes.pixelstrap.net/katie/template/variant-dropdown.html]
[themes.pixelstrap.net/katie/assets/js/zoom-img.js]
[themes.pixelstrap.net/katie/template/inner-zoom.html]
[themes.pixelstrap.net/katie/template/faq.html]
[themes.pixelstrap.net/katie/assets/images/gif/success.gif]
[themes.pixelstrap.net/katie/template/order-success.html]
[themes.pixelstrap.net/katie/assets/images/other-img/brand-logo.png]
[themes.pixelstrap.net/katie/template/order-tracking.html]
[themes.pixelstrap.net/katie/template/maintenance.html]
[themes.pixelstrap.net/katie/assets/images/other-img/7.jpg]
[themes.pixelstrap.net/katie/assets/images/other-img/6.jpg]
[themes.pixelstrap.net/katie/assets/images/other-img/5.jpg]
[themes.pixelstrap.net/katie/template/check-out.html]
[themes.pixelstrap.net/katie/assets/js/compare-table.js]
[themes.pixelstrap.net/katie/template/compare.html]
[themes.pixelstrap.net/katie/assets/images/about/7.jpg]
[themes.pixelstrap.net/katie/assets/images/about/8.jpg]
[themes.pixelstrap.net/katie/assets/images/about/fashion-1.jpg]
[themes.pixelstrap.net/katie/assets/images/about/1.png]
[themes.pixelstrap.net/katie/assets/images/about/fashion-2.jpg]
[themes.pixelstrap.net/katie/assets/images/about/1.jpg]
[themes.pixelstrap.net/katie/assets/images/about/2.jpg]
[themes.pixelstrap.net/katie/assets/images/about/3.jpg]
[themes.pixelstrap.net/katie/assets/images/about/4.jpg]
[themes.pixelstrap.net/katie/assets/images/about/5.jpg]
[themes.pixelstrap.net/katie/assets/images/about/6.jpg]
[themes.pixelstrap.net/katie/assets/images/user/8.jpg]
[themes.pixelstrap.net/katie/template/about-us.html]
[themes.pixelstrap.net/katie/assets/images/other-img/look-book.jpg]
[themes.pixelstrap.net/katie/assets/images/other-img/look-book-1.jpg]
[themes.pixelstrap.net/katie/assets/images/other-img/look-book-2.jpg]
[themes.pixelstrap.net/katie/template/look-book.html]
[themes.pixelstrap.net/katie/assets/images/other-img/404.png]
[themes.pixelstrap.net/katie/template/404.html]
[themes.pixelstrap.net/katie/template/login.html]
[themes.pixelstrap.net/katie/template/forget-password.html]
[themes.pixelstrap.net/katie/assets/js/otp.js]
[themes.pixelstrap.net/katie/template/otp.html]
[themes.pixelstrap.net/katie/template/sign-up.html]
[themes.pixelstrap.net/katie/assets/images/blog/blog-page/1.jpg]
[themes.pixelstrap.net/katie/assets/images/blog/blog-page/2.jpg]
[themes.pixelstrap.net/katie/assets/images/blog/blog-page/3.jpg]
[themes.pixelstrap.net/katie/assets/images/blog/blog-page/4.jpg]
[themes.pixelstrap.net/katie/assets/images/blog/blog-page/5.jpg]
[themes.pixelstrap.net/katie/assets/images/user/9.jpg]
[themes.pixelstrap.net/katie/assets/images/blog/blog-page/6.jpg]
[themes.pixelstrap.net/katie/assets/images/user/10.jpg]
[themes.pixelstrap.net/katie/assets/images/blog/blog-page/7.jpg]
[themes.pixelstrap.net/katie/assets/images/blog/blog-page/8.jpg]
[themes.pixelstrap.net/katie/assets/images/blog/blog-page/9.jpg]
[themes.pixelstrap.net/katie/assets/images/other-img/blog-1.jpg]
[themes.pixelstrap.net/katie/assets/images/other-img/blog-2.jpg]
[themes.pixelstrap.net/katie/assets/images/other-img/blog-3.jpg]
[themes.pixelstrap.net/katie/assets/images/other-img/blog-4.jpg]
[themes.pixelstrap.net/katie/assets/images/other-img/blog-offer.jpg]
[themes.pixelstrap.net/katie/template/blog-left-sidebar.html]
[themes.pixelstrap.net/katie/template/blog-right-sidebar.html]
[themes.pixelstrap.net/katie/template/blog-list.html]
[themes.pixelstrap.net/katie/assets/images/other-img/blog-details.jpg]
[themes.pixelstrap.net/katie/template/blog-details.html]
[themes.pixelstrap.net/katie/template/blog-no-sidebar.html]
[themes.pixelstrap.net/katie/template/contact.html]
[themes.pixelstrap.net/katie/template/product-2.html]
